22:26:45 **** Incremental Build of configuration Debug for project 7.ADC ****
make -j12 all 
arm-none-eabi-gcc "../Src/main.c" -mcpu=cortex-m4 -std=gnu11 -g3 -DDEBUG -DSTM32 -DSTM32F4 -DSTM32F405RGTx -c -I../Inc -O0 -ffunction-sections -fdata-sections -Wall -fstack-usage -MMD -MP -MF"Src/main.d" -MT"Src/main.o" --specs=nano.specs -mfpu=fpv4-sp-d16 -mfloat-abi=soft -mthumb -o "Src/main.o"
arm-none-eabi-gcc -o "7.ADC.elf" @"objects.list" C:/Users/garim/Desktop/STM32F405/ADC/Debug/Src/lcd.o  -mcpu=cortex-m4 -T"C:\Users\garim\Desktop\STM32F405\ADC\STM32F405RGTX_FLASH.ld" --specs=nosys.specs -Wl,-Map="7.ADC.map" -Wl,--gc-sections -static --specs=nano.specs -mfpu=fpv4-sp-d16 -mfloat-abi=soft -mthumb -Wl,--start-group -lc -lm -Wl,--end-group
Finished building target: 7.ADC.elf
 
arm-none-eabi-size   7.ADC.elf 
arm-none-eabi-objdump -h -S  7.ADC.elf  > "7.ADC.list"
   text	   data	    bss	    dec	    hex	filename
   4184	    108	   1588	   5880	   16f8	7.ADC.elf
Finished building: default.size.stdout
 
Finished building: 7.ADC.list
 

22:26:45 Build Finished. 0 errors, 0 warnings. (took 787ms)

